{"location": "main.py:226", "message": "login_lekar: Request received", "data": {"timestamp": "2026-03-10T12:52:15.881500"}, "timestamp": "2026-03-10T12:52:15.881889", "runId": "run1", "hypothesisId": "E"}
{"location": "main.py:229", "message": "login_lekar: Data parsed", "data": {"username": "vladko.zahariev", "has_password": true}, "timestamp": "2026-03-10T12:52:15.883189", "runId": "run1", "hypothesisId": "E"}
{"location": "main.py:261", "message": "login_lekar: Doctor found", "data": {"doctor_id": 46, "has_stored_password": true}, "timestamp": "2026-03-10T12:52:15.897331", "runId": "run1", "hypothesisId": "E"}
{"location": "main.py:325", "message": "login_lekar: HTTPException", "data": {"status_code": 401, "detail": "\u041d\u0435\u0432\u0430\u043b\u0438\u0434\u043d\u043e \u043a\u043e\u0440\u0438\u0441\u043d\u0438\u0447\u043a\u043e \u0438\u043c\u0435 \u0438\u043b\u0438 \u043b\u043e\u0437\u0438\u043d\u043a\u0430"}, "timestamp": "2026-03-10T12:52:15.897956", "runId": "run1", "hypothesisId": "E"}
{"location": "main.py:226", "message": "login_lekar: Request received", "data": {"timestamp": "2026-03-10T12:52:41.767357"}, "timestamp": "2026-03-10T12:52:41.767603", "runId": "run1", "hypothesisId": "E"}
{"location": "main.py:229", "message": "login_lekar: Data parsed", "data": {"username": "vladko.zahariev", "has_password": true}, "timestamp": "2026-03-10T12:52:41.768527", "runId": "run1", "hypothesisId": "E"}
{"location": "main.py:261", "message": "login_lekar: Doctor found", "data": {"doctor_id": 46, "has_stored_password": true}, "timestamp": "2026-03-10T12:52:41.781472", "runId": "run1", "hypothesisId": "E"}
{"location": "main.py:325", "message": "login_lekar: HTTPException", "data": {"status_code": 401, "detail": "\u041d\u0435\u0432\u0430\u043b\u0438\u0434\u043d\u043e \u043a\u043e\u0440\u0438\u0441\u043d\u0438\u0447\u043a\u043e \u0438\u043c\u0435 \u0438\u043b\u0438 \u043b\u043e\u0437\u0438\u043d\u043a\u0430"}, "timestamp": "2026-03-10T12:52:41.782299", "runId": "run1", "hypothesisId": "E"}
{"location": "main.py:226", "message": "login_lekar: Request received", "data": {"timestamp": "2026-03-10T12:52:49.697838"}, "timestamp": "2026-03-10T12:52:49.698122", "runId": "run1", "hypothesisId": "E"}
{"location": "main.py:229", "message": "login_lekar: Data parsed", "data": {"username": "vladko.zahariev", "has_password": true}, "timestamp": "2026-03-10T12:52:49.698880", "runId": "run1", "hypothesisId": "E"}
{"location": "main.py:261", "message": "login_lekar: Doctor found", "data": {"doctor_id": 46, "has_stored_password": true}, "timestamp": "2026-03-10T12:52:49.714045", "runId": "run1", "hypothesisId": "E"}
{"location": "main.py:325", "message": "login_lekar: HTTPException", "data": {"status_code": 401, "detail": "\u041d\u0435\u0432\u0430\u043b\u0438\u0434\u043d\u043e \u043a\u043e\u0440\u0438\u0441\u043d\u0438\u0447\u043a\u043e \u0438\u043c\u0435 \u0438\u043b\u0438 \u043b\u043e\u0437\u0438\u043d\u043a\u0430"}, "timestamp": "2026-03-10T12:52:49.714582", "runId": "run1", "hypothesisId": "E"}
{"location": "main.py:226", "message": "login_lekar: Request received", "data": {"timestamp": "2026-03-10T13:14:21.236507"}, "timestamp": "2026-03-10T13:14:21.236821", "runId": "run1", "hypothesisId": "E"}
{"location": "main.py:229", "message": "login_lekar: Data parsed", "data": {"username": "vladko.zahariev", "has_password": true}, "timestamp": "2026-03-10T13:14:21.238477", "runId": "run1", "hypothesisId": "E"}
{"location": "main.py:261", "message": "login_lekar: Doctor found", "data": {"doctor_id": 46, "has_stored_password": true}, "timestamp": "2026-03-10T13:14:21.251819", "runId": "run1", "hypothesisId": "E"}
{"location": "main.py:314", "message": "login_lekar: Success", "data": {"doctor_id": 46, "termini_count": 0}, "timestamp": "2026-03-10T13:14:21.464408", "runId": "run1", "hypothesisId": "E"}
{"location": "main.py:226", "message": "login_lekar: Request received", "data": {"timestamp": "2026-03-10T13:20:00.978282"}, "timestamp": "2026-03-10T13:20:00.978416", "runId": "run1", "hypothesisId": "E"}
{"location": "main.py:229", "message": "login_lekar: Data parsed", "data": {"username": "vladko.zahariev", "has_password": true}, "timestamp": "2026-03-10T13:20:00.980589", "runId": "run1", "hypothesisId": "E"}
{"location": "main.py:261", "message": "login_lekar: Doctor found", "data": {"doctor_id": 46, "has_stored_password": true}, "timestamp": "2026-03-10T13:20:00.996216", "runId": "run1", "hypothesisId": "E"}
{"location": "main.py:314", "message": "login_lekar: Success", "data": {"doctor_id": 46, "termini_count": 0}, "timestamp": "2026-03-10T13:20:01.204524", "runId": "run1", "hypothesisId": "E"}
{"location": "main.py:226", "message": "login_lekar: Request received", "data": {"timestamp": "2026-03-10T13:52:21.959448"}, "timestamp": "2026-03-10T13:52:21.959810", "runId": "run1", "hypothesisId": "E"}
{"location": "main.py:229", "message": "login_lekar: Data parsed", "data": {"username": "vladko.zahariev", "has_password": true}, "timestamp": "2026-03-10T13:52:21.960845", "runId": "run1", "hypothesisId": "E"}
{"location": "main.py:261", "message": "login_lekar: Doctor found", "data": {"doctor_id": 46, "has_stored_password": true}, "timestamp": "2026-03-10T13:52:21.995327", "runId": "run1", "hypothesisId": "E"}
{"location": "main.py:314", "message": "login_lekar: Success", "data": {"doctor_id": 46, "termini_count": 0}, "timestamp": "2026-03-10T13:52:22.185332", "runId": "run1", "hypothesisId": "E"}
{"location": "main.py:226", "message": "login_lekar: Request received", "data": {"timestamp": "2026-03-10T13:59:27.574175"}, "timestamp": "2026-03-10T13:59:27.574315", "runId": "run1", "hypothesisId": "E"}
{"location": "main.py:229", "message": "login_lekar: Data parsed", "data": {"username": "valdko.zahariev", "has_password": true}, "timestamp": "2026-03-10T13:59:27.576010", "runId": "run1", "hypothesisId": "E"}
{"location": "main.py:325", "message": "login_lekar: HTTPException", "data": {"status_code": 401, "detail": "\u041d\u0435\u0432\u0430\u043b\u0438\u0434\u043d\u043e \u043a\u043e\u0440\u0438\u0441\u043d\u0438\u0447\u043a\u043e \u0438\u043c\u0435 \u0438\u043b\u0438 \u043b\u043e\u0437\u0438\u043d\u043a\u0430"}, "timestamp": "2026-03-10T13:59:27.591665", "runId": "run1", "hypothesisId": "E"}
{"location": "main.py:226", "message": "login_lekar: Request received", "data": {"timestamp": "2026-03-10T13:59:44.746939"}, "timestamp": "2026-03-10T13:59:44.747072", "runId": "run1", "hypothesisId": "E"}
{"location": "main.py:229", "message": "login_lekar: Data parsed", "data": {"username": "vladko.zahariev", "has_password": true}, "timestamp": "2026-03-10T13:59:44.747775", "runId": "run1", "hypothesisId": "E"}
{"location": "main.py:261", "message": "login_lekar: Doctor found", "data": {"doctor_id": 46, "has_stored_password": true}, "timestamp": "2026-03-10T13:59:44.761325", "runId": "run1", "hypothesisId": "E"}
{"location": "main.py:314", "message": "login_lekar: Success", "data": {"doctor_id": 46, "termini_count": 0}, "timestamp": "2026-03-10T13:59:44.965579", "runId": "run1", "hypothesisId": "E"}
{"location": "main.py:226", "message": "login_lekar: Request received", "data": {"timestamp": "2026-03-10T14:04:35.811561"}, "timestamp": "2026-03-10T14:04:35.811916", "runId": "run1", "hypothesisId": "E"}
{"location": "main.py:229", "message": "login_lekar: Data parsed", "data": {"username": "vladko.zahariev", "has_password": true}, "timestamp": "2026-03-10T14:04:35.812957", "runId": "run1", "hypothesisId": "E"}
{"location": "main.py:261", "message": "login_lekar: Doctor found", "data": {"doctor_id": 46, "has_stored_password": true}, "timestamp": "2026-03-10T14:04:35.852780", "runId": "run1", "hypothesisId": "E"}
{"location": "main.py:325", "message": "login_lekar: HTTPException", "data": {"status_code": 401, "detail": "\u041d\u0435\u0432\u0430\u043b\u0438\u0434\u043d\u043e \u043a\u043e\u0440\u0438\u0441\u043d\u0438\u0447\u043a\u043e \u0438\u043c\u0435 \u0438\u043b\u0438 \u043b\u043e\u0437\u0438\u043d\u043a\u0430"}, "timestamp": "2026-03-10T14:04:36.040383", "runId": "run1", "hypothesisId": "E"}
{"location": "main.py:226", "message": "login_lekar: Request received", "data": {"timestamp": "2026-03-10T14:04:45.623691"}, "timestamp": "2026-03-10T14:04:45.623825", "runId": "run1", "hypothesisId": "E"}
{"location": "main.py:229", "message": "login_lekar: Data parsed", "data": {"username": "vladko.zahariev", "has_password": true}, "timestamp": "2026-03-10T14:04:45.624235", "runId": "run1", "hypothesisId": "E"}
{"location": "main.py:261", "message": "login_lekar: Doctor found", "data": {"doctor_id": 46, "has_stored_password": true}, "timestamp": "2026-03-10T14:04:45.639819", "runId": "run1", "hypothesisId": "E"}
{"location": "main.py:314", "message": "login_lekar: Success", "data": {"doctor_id": 46, "termini_count": 0}, "timestamp": "2026-03-10T14:04:45.844535", "runId": "run1", "hypothesisId": "E"}
